src/components/auth/ProtectedRoute.tsx(3,25): error TS2307: Cannot find module '../context/AuthContext' or its corresponding type declarations.
src/components/auth/ProtectedRoute.tsx(4,26): error TS2307: Cannot find module '../types' or its corresponding type declarations.
src/services/geminiService.ts(4,28): error TS2339: Property 'env' does not exist on type 'ImportMeta'.
src/services/supabaseClient.ts(3,33): error TS2339: Property 'env' does not exist on type 'ImportMeta'.
src/services/supabaseClient.ts(4,37): error TS2339: Property 'env' does not exist on type 'ImportMeta'.
